<?xml version="1.0" encoding="UTF-8"?>
<testsuites name="Mocha Tests" time="16.383" tests="1" failures="0">
  <testsuite name="Root Suite" timestamp="2024-10-28T22:47:34" tests="0" file="cypress/e2e/users.cy.js" time="0.000" failures="0">
  </testsuite>
  <testsuite name="Login Functionality" timestamp="2024-10-28T22:47:34" tests="0" time="0.000" failures="0">
  </testsuite>
  <testsuite name="User register" timestamp="2024-10-28T22:47:34" tests="1" time="16.375" failures="0">
    <testcase name="Login Functionality User register Should register an new user Admin sucessfully" time="16.321" classname="Should register an new user Admin sucessfully">
    </testcase>
  </testsuite>
</testsuites>